// Jest Snapshot v1, https://goo.gl/fbAQLP

exports[`beginWriteTransaction should throw a helpful error if the transaction failed 1`] = `
"Error found executing dynamodb write transaction.

Found Error:
Error: Transaction cancelled, please refer cancellation reasons for specific reasons [None, ConditionalCheckFailed]

Input:
{
  \\"writeItems\\": [
    {
      \\"Put\\": {
        \\"TableName\\": \\"spaceships\\",
        \\"Item\\": {
          \\"id\\": 821,
          \\"fuel\\": 9000
        }
      }
    },
    {
      \\"Delete\\": {
        \\"TableName\\": \\"cargo-to-spaceship\\",
        \\"Key\\": {
          \\"p\\": \\"SOIL\\",
          \\"s\\": 821
        }
      }
    }
  ]
}"
`;
